// Jest Snapshot v1, https://goo.gl/fbAQLP

exports[`Timer render should match snapshot 1`] = `
<section
  className="Timer"
>
  <div
    className="pointer timer"
    onClick={[Function]}
  >
    <TimerCircle
      timer={
        Object {
          "active": false,
          "currentTime": 100,
          "sessionLength": 100,
        }
      }
    />
  </div>
</section>
`;
