// Jest Snapshot v1, https://goo.gl/fbAQLP

exports[`Timer render should match snapshot 1`] = `
<section
  className="Timer"
>
  <div
    className="timer pointer"
    onClick={[Function]}
  >
    <TimerCircle
      timer={
        Object {
          "active": false,
          "currentTime": 100,
          "sessionLength": 100,
        }
      }
    />
    <div
      className="timer__time"
    >
      <div
        className="timer__time--numbers"
      >
        01:40
      </div>
      <div
        className="timer__time--icons"
      >
        <FontAwesomeIcon
          border={false}
          className=""
          fixedWidth={false}
          flip={null}
          icon={
            Object {
              "icon": Array [
                448,
                512,
                Array [],
                "f04b",
                "M424.4 214.7L72.4 6.6C43.8-10.3 0 6.1 0 47.9V464c0 37.5 40.7 60.1 72.4 41.3l352-208c31.4-18.5 31.5-64.1 0-82.6z",
              ],
              "iconName": "play",
              "prefix": "fas",
            }
          }
          inverse={false}
          listItem={false}
          mask={null}
          pull={null}
          pulse={false}
          rotation={null}
          size={null}
          spin={false}
          symbol={false}
          title=""
          transform={null}
        />
      </div>
    </div>
  </div>
</section>
`;
