// Jest Snapshot v1, https://goo.gl/fbAQLP

exports[`Input render should match snapshot 1`] = `
<form
  className="Input"
  onSubmit={[Function]}
>
  <div
    className="input-container"
  >
    <div
      className="parent"
    >
      <label
        className="add"
        htmlFor="input-name"
      >
        Add user
      </label>
      <input
        autoComplete="off"
        className="message"
        name="input-name"
        onChange={[Function]}
        type="text"
        value=""
      />
    </div>
  </div>
</form>
`;
